2026-05-08 08:00:01 INFO System check completed #001
2026-05-08 08:00:02 INFO Service heartbeat received #002
2026-05-08 08:00:03 WARNING Cache usage above threshold #003
2026-05-08 08:00:04 INFO Background job scheduled #004
2026-05-08 08:00:05 ERROR Failed to load user profile #005
2026-05-08 08:00:06 INFO Retrying request #006
2026-05-08 08:00:07 INFO Request completed successfully #007
2026-05-08 08:00:08 WARNING Slow response from external API #008
2026-05-08 08:00:09 INFO Metrics collector updated #009
2026-05-08 08:00:10 ERROR Database connection failed #010
2026-05-08 08:00:11 INFO Database retry scheduled #011
2026-05-08 08:00:12 INFO Database connection established #012
2026-05-08 08:00:13 WARNING High memory usage detected #013
2026-05-08 08:00:14 INFO Session token refreshed #014
2026-05-08 08:00:15 INFO Notification worker started #015
2026-05-08 08:00:16 ERROR Timeout while fetching order data #016
2026-05-08 08:00:17 INFO Order data retry scheduled #017
2026-05-08 08:00:18 INFO Order data loaded successfully #018
2026-05-08 08:00:19 WARNING API rate limit nearing threshold #019
2026-05-08 08:00:20 INFO Audit log updated #020
2026-05-08 08:00:21 INFO System check completed #021
2026-05-08 08:00:22 INFO Service heartbeat received #022
2026-05-08 08:00:23 WARNING Cache usage above threshold #023
2026-05-08 08:00:24 INFO Background job scheduled #024
2026-05-08 08:00:25 ERROR Failed to load user profile #025
2026-05-08 08:00:26 INFO Retrying request #026
2026-05-08 08:00:27 INFO Request completed successfully #027
2026-05-08 08:00:28 WARNING Slow response from external API #028
2026-05-08 08:00:29 INFO Metrics collector updated #029
2026-05-08 08:00:30 ERROR Database connection failed #030
2026-05-08 08:00:31 INFO Database retry scheduled #031
2026-05-08 08:00:32 INFO Database connection established #032
2026-05-08 08:00:33 WARNING High memory usage detected #033
2026-05-08 08:00:34 INFO Session token refreshed #034
2026-05-08 08:00:35 INFO Notification worker started #035
2026-05-08 08:00:36 ERROR Timeout while fetching order data #036
2026-05-08 08:00:37 INFO Order data retry scheduled #037
2026-05-08 08:00:38 INFO Order data loaded successfully #038
2026-05-08 08:00:39 WARNING API rate limit nearing threshold #039
2026-05-08 08:00:40 INFO Audit log updated #040
2026-05-08 08:00:41 INFO System check completed #041
2026-05-08 08:00:42 INFO Service heartbeat received #042
2026-05-08 08:00:43 WARNING Cache usage above threshold #043
2026-05-08 08:00:44 INFO Background job scheduled #044
2026-05-08 08:00:45 ERROR Failed to load user profile #045
2026-05-08 08:00:46 INFO Retrying request #046
2026-05-08 08:00:47 INFO Request completed successfully #047
2026-05-08 08:00:48 WARNING Slow response from external API #048
2026-05-08 08:00:49 INFO Metrics collector updated #049
2026-05-08 08:00:50 ERROR Database connection failed #050
2026-05-08 08:00:51 INFO Database retry scheduled #051
2026-05-08 08:00:52 INFO Database connection established #052
2026-05-08 08:00:53 WARNING High memory usage detected #053
2026-05-08 08:00:54 INFO Session token refreshed #054
2026-05-08 08:00:55 INFO Notification worker started #055
2026-05-08 08:00:56 ERROR Timeout while fetching order data #056
2026-05-08 08:00:57 INFO Order data retry scheduled #057
2026-05-08 08:00:58 INFO Order data loaded successfully #058
2026-05-08 08:00:59 WARNING API rate limit nearing threshold #059
2026-05-08 08:01:00 INFO Audit log updated #060
2026-05-08 08:01:01 INFO System check completed #061
2026-05-08 08:01:02 INFO Service heartbeat received #062
2026-05-08 08:01:03 WARNING Cache usage above threshold #063
2026-05-08 08:01:04 INFO Background job scheduled #064
2026-05-08 08:01:05 ERROR Failed to load user profile #065
2026-05-08 08:01:06 INFO Retrying request #066
2026-05-08 08:01:07 INFO Request completed successfully #067
2026-05-08 08:01:08 WARNING Slow response from external API #068
2026-05-08 08:01:09 INFO Metrics collector updated #069
2026-05-08 08:01:10 ERROR Database connection failed #070
2026-05-08 08:01:11 INFO Database retry scheduled #071
2026-05-08 08:01:12 INFO Database connection established #072
2026-05-08 08:01:13 WARNING High memory usage detected #073
2026-05-08 08:01:14 INFO Session token refreshed #074
2026-05-08 08:01:15 INFO Notification worker started #075
2026-05-08 08:01:16 ERROR Timeout while fetching order data #076
2026-05-08 08:01:17 INFO Order data retry scheduled #077
2026-05-08 08:01:18 INFO Order data loaded successfully #078
2026-05-08 08:01:19 WARNING API rate limit nearing threshold #079
2026-05-08 08:01:20 INFO Audit log updated #080
2026-05-08 08:01:21 INFO System check completed #081
2026-05-08 08:01:22 INFO Service heartbeat received #082
2026-05-08 08:01:23 WARNING Cache usage above threshold #083
2026-05-08 08:01:24 INFO Background job scheduled #084
2026-05-08 08:01:25 ERROR Failed to load user profile #085
2026-05-08 08:01:26 INFO Retrying request #086
2026-05-08 08:01:27 INFO Request completed successfully #087
2026-05-08 08:01:28 WARNING Slow response from external API #088
2026-05-08 08:01:29 INFO Metrics collector updated #089
2026-05-08 08:01:30 ERROR Database connection failed #090
2026-05-08 08:01:31 INFO Database retry scheduled #091
2026-05-08 08:01:32 INFO Database connection established #092
2026-05-08 08:01:33 WARNING High memory usage detected #093
2026-05-08 08:01:34 INFO Session token refreshed #094
2026-05-08 08:01:35 INFO Notification worker started #095
2026-05-08 08:01:36 ERROR Timeout while fetching order data #096
2026-05-08 08:01:37 INFO Order data retry scheduled #097
2026-05-08 08:01:38 INFO Order data loaded successfully #098
2026-05-08 08:01:39 WARNING API rate limit nearing threshold #099
2026-05-08 08:01:40 INFO Audit log updated #100
2026-05-08 08:01:41 INFO System check completed #101
2026-05-08 08:01:42 INFO Service heartbeat received #102
2026-05-08 08:01:43 WARNING Cache usage above threshold #103
2026-05-08 08:01:44 INFO Background job scheduled #104
2026-05-08 08:01:45 ERROR Failed to load user profile #105
2026-05-08 08:01:46 INFO Retrying request #106
2026-05-08 08:01:47 INFO Request completed successfully #107
2026-05-08 08:01:48 WARNING Slow response from external API #108
2026-05-08 08:01:49 INFO Metrics collector updated #109
2026-05-08 08:01:50 ERROR Database connection failed #110
2026-05-08 08:01:51 INFO Database retry scheduled #111
2026-05-08 08:01:52 INFO Database connection established #112
2026-05-08 08:01:53 WARNING High memory usage detected #113
2026-05-08 08:01:54 INFO Session token refreshed #114
2026-05-08 08:01:55 INFO Notification worker started #115
2026-05-08 08:01:56 ERROR Timeout while fetching order data #116
2026-05-08 08:01:57 INFO Order data retry scheduled #117
2026-05-08 08:01:58 INFO Order data loaded successfully #118
2026-05-08 08:01:59 WARNING API rate limit nearing threshold #119
2026-05-08 08:02:00 INFO Audit log updated #120
2026-05-08 08:02:01 INFO System check completed #121
2026-05-08 08:02:02 INFO Service heartbeat received #122
2026-05-08 08:02:03 WARNING Cache usage above threshold #123
2026-05-08 08:02:04 INFO Background job scheduled #124
2026-05-08 08:02:05 ERROR Failed to load user profile #125
2026-05-08 08:02:06 INFO Retrying request #126
2026-05-08 08:02:07 INFO Request completed successfully #127
2026-05-08 08:02:08 WARNING Slow response from external API #128
2026-05-08 08:02:09 INFO Metrics collector updated #129
2026-05-08 08:02:10 ERROR Database connection failed #130
2026-05-08 08:02:11 INFO Database retry scheduled #131
2026-05-08 08:02:12 INFO Database connection established #132
2026-05-08 08:02:13 WARNING High memory usage detected #133
2026-05-08 08:02:14 INFO Session token refreshed #134
2026-05-08 08:02:15 INFO Notification worker started #135
2026-05-08 08:02:16 ERROR Timeout while fetching order data #136
2026-05-08 08:02:17 INFO Order data retry scheduled #137
2026-05-08 08:02:18 INFO Order data loaded successfully #138
2026-05-08 08:02:19 WARNING API rate limit nearing threshold #139
2026-05-08 08:02:20 INFO Audit log updated #140
2026-05-08 08:02:21 INFO System check completed #141
2026-05-08 08:02:22 INFO Service heartbeat received #142
2026-05-08 08:02:23 WARNING Cache usage above threshold #143
2026-05-08 08:02:24 INFO Background job scheduled #144
2026-05-08 08:02:25 ERROR Failed to load user profile #145
2026-05-08 08:02:26 INFO Retrying request #146
2026-05-08 08:02:27 INFO Request completed successfully #147
2026-05-08 08:02:28 WARNING Slow response from external API #148
2026-05-08 08:02:29 INFO Metrics collector updated #149
2026-05-08 08:02:30 ERROR Database connection failed #150
2026-05-08 08:02:31 INFO Database retry scheduled #151
2026-05-08 08:02:32 INFO Database connection established #152
2026-05-08 08:02:33 WARNING High memory usage detected #153
2026-05-08 08:02:34 INFO Session token refreshed #154
2026-05-08 08:02:35 INFO Notification worker started #155
2026-05-08 08:02:36 ERROR Timeout while fetching order data #156
2026-05-08 08:02:37 INFO Order data retry scheduled #157
2026-05-08 08:02:38 INFO Order data loaded successfully #158
2026-05-08 08:02:39 WARNING API rate limit nearing threshold #159
2026-05-08 08:02:40 INFO Audit log updated #160
2026-05-08 08:02:41 INFO System check completed #161
2026-05-08 08:02:42 INFO Service heartbeat received #162
2026-05-08 08:02:43 WARNING Cache usage above threshold #163
2026-05-08 08:02:44 INFO Background job scheduled #164
2026-05-08 08:02:45 ERROR Failed to load user profile #165
2026-05-08 08:02:46 INFO Retrying request #166
2026-05-08 08:02:47 INFO Request completed successfully #167
2026-05-08 08:02:48 WARNING Slow response from external API #168
2026-05-08 08:02:49 INFO Metrics collector updated #169
2026-05-08 08:02:50 ERROR Database connection failed #170
2026-05-08 08:02:51 INFO Database retry scheduled #171
2026-05-08 08:02:52 INFO Database connection established #172
2026-05-08 08:02:53 WARNING High memory usage detected #173
2026-05-08 08:02:54 INFO Session token refreshed #174
2026-05-08 08:02:55 INFO Notification worker started #175
2026-05-08 08:02:56 ERROR Timeout while fetching order data #176
2026-05-08 08:02:57 INFO Order data retry scheduled #177
2026-05-08 08:02:58 INFO Order data loaded successfully #178
2026-05-08 08:02:59 WARNING API rate limit nearing threshold #179
2026-05-08 08:03:00 INFO Audit log updated #180
2026-05-08 08:03:01 INFO System check completed #181
2026-05-08 08:03:02 INFO Service heartbeat received #182
2026-05-08 08:03:03 WARNING Cache usage above threshold #183
2026-05-08 08:03:04 INFO Background job scheduled #184
2026-05-08 08:03:05 ERROR Failed to load user profile #185
2026-05-08 08:03:06 INFO Retrying request #186
2026-05-08 08:03:07 INFO Request completed successfully #187
2026-05-08 08:03:08 WARNING Slow response from external API #188
2026-05-08 08:03:09 INFO Metrics collector updated #189
2026-05-08 08:03:10 ERROR Database connection failed #190
2026-05-08 08:03:11 INFO Database retry scheduled #191
2026-05-08 08:03:12 INFO Database connection established #192
2026-05-08 08:03:13 WARNING High memory usage detected #193
2026-05-08 08:03:14 INFO Session token refreshed #194
2026-05-08 08:03:15 INFO Notification worker started #195
2026-05-08 08:03:16 ERROR Timeout while fetching order data #196
2026-05-08 08:03:17 INFO Order data retry scheduled #197
2026-05-08 08:03:18 INFO Order data loaded successfully #198
2026-05-08 08:03:19 WARNING API rate limit nearing threshold #199
2026-05-08 08:03:20 INFO Audit log updated #200
2026-05-08 08:03:21 INFO System check completed #201
2026-05-08 08:03:22 INFO Service heartbeat received #202
2026-05-08 08:03:23 WARNING Cache usage above threshold #203
2026-05-08 08:03:24 INFO Background job scheduled #204
2026-05-08 08:03:25 ERROR Failed to load user profile #205
2026-05-08 08:03:26 INFO Retrying request #206
2026-05-08 08:03:27 INFO Request completed successfully #207
2026-05-08 08:03:28 WARNING Slow response from external API #208
2026-05-08 08:03:29 INFO Metrics collector updated #209
2026-05-08 08:03:30 ERROR Database connection failed #210
2026-05-08 08:03:31 INFO Database retry scheduled #211
2026-05-08 08:03:32 INFO Database connection established #212
2026-05-08 08:03:33 WARNING High memory usage detected #213
2026-05-08 08:03:34 INFO Session token refreshed #214
2026-05-08 08:03:35 INFO Notification worker started #215
2026-05-08 08:03:36 ERROR Timeout while fetching order data #216
2026-05-08 08:03:37 INFO Order data retry scheduled #217
2026-05-08 08:03:38 INFO Order data loaded successfully #218
2026-05-08 08:03:39 WARNING API rate limit nearing threshold #219
2026-05-08 08:03:40 INFO Audit log updated #220
2026-05-08 08:03:41 INFO System check completed #221
2026-05-08 08:03:42 INFO Service heartbeat received #222
2026-05-08 08:03:43 WARNING Cache usage above threshold #223
2026-05-08 08:03:44 INFO Background job scheduled #224
2026-05-08 08:03:45 ERROR Failed to load user profile #225
2026-05-08 08:03:46 INFO Retrying request #226
2026-05-08 08:03:47 INFO Request completed successfully #227
2026-05-08 08:03:48 WARNING Slow response from external API #228
2026-05-08 08:03:49 INFO Metrics collector updated #229
2026-05-08 08:03:50 ERROR Database connection failed #230
2026-05-08 08:03:51 INFO Database retry scheduled #231
2026-05-08 08:03:52 INFO Database connection established #232
2026-05-08 08:03:53 WARNING High memory usage detected #233
2026-05-08 08:03:54 INFO Session token refreshed #234
2026-05-08 08:03:55 INFO Notification worker started #235
2026-05-08 08:03:56 ERROR Timeout while fetching order data #236
2026-05-08 08:03:57 INFO Order data retry scheduled #237
2026-05-08 08:03:58 INFO Order data loaded successfully #238
2026-05-08 08:03:59 WARNING API rate limit nearing threshold #239
2026-05-08 08:04:00 INFO Audit log updated #240
2026-05-08 08:04:01 INFO System check completed #241
2026-05-08 08:04:02 INFO Service heartbeat received #242
2026-05-08 08:04:03 WARNING Cache usage above threshold #243
2026-05-08 08:04:04 INFO Background job scheduled #244
2026-05-08 08:04:05 ERROR Failed to load user profile #245
2026-05-08 08:04:06 INFO Retrying request #246
2026-05-08 08:04:07 INFO Request completed successfully #247
2026-05-08 08:04:08 WARNING Slow response from external API #248
2026-05-08 08:04:09 INFO Metrics collector updated #249
2026-05-08 08:04:10 ERROR Database connection failed #250
2026-05-08 08:04:11 INFO Database retry scheduled #251
2026-05-08 08:04:12 INFO Database connection established #252
2026-05-08 08:04:13 WARNING High memory usage detected #253
2026-05-08 08:04:14 INFO Session token refreshed #254
2026-05-08 08:04:15 INFO Notification worker started #255
2026-05-08 08:04:16 ERROR Timeout while fetching order data #256
2026-05-08 08:04:17 INFO Order data retry scheduled #257
2026-05-08 08:04:18 INFO Order data loaded successfully #258
2026-05-08 08:04:19 WARNING API rate limit nearing threshold #259
2026-05-08 08:04:20 INFO Audit log updated #260
2026-05-08 08:04:21 INFO System check completed #261
2026-05-08 08:04:22 INFO Service heartbeat received #262
2026-05-08 08:04:23 WARNING Cache usage above threshold #263
2026-05-08 08:04:24 INFO Background job scheduled #264
2026-05-08 08:04:25 ERROR Failed to load user profile #265
2026-05-08 08:04:26 INFO Retrying request #266
2026-05-08 08:04:27 INFO Request completed successfully #267
2026-05-08 08:04:28 WARNING Slow response from external API #268
2026-05-08 08:04:29 INFO Metrics collector updated #269
2026-05-08 08:04:30 ERROR Database connection failed #270
2026-05-08 08:04:31 INFO Database retry scheduled #271
2026-05-08 08:04:32 INFO Database connection established #272
2026-05-08 08:04:33 WARNING High memory usage detected #273
2026-05-08 08:04:34 INFO Session token refreshed #274
2026-05-08 08:04:35 INFO Notification worker started #275
2026-05-08 08:04:36 ERROR Timeout while fetching order data #276
2026-05-08 08:04:37 INFO Order data retry scheduled #277
2026-05-08 08:04:38 INFO Order data loaded successfully #278
2026-05-08 08:04:39 WARNING API rate limit nearing threshold #279
2026-05-08 08:04:40 INFO Audit log updated #280
2026-05-08 08:04:41 INFO System check completed #281
2026-05-08 08:04:42 INFO Service heartbeat received #282
2026-05-08 08:04:43 WARNING Cache usage above threshold #283
2026-05-08 08:04:44 INFO Background job scheduled #284
2026-05-08 08:04:45 ERROR Failed to load user profile #285
2026-05-08 08:04:46 INFO Retrying request #286
2026-05-08 08:04:47 INFO Request completed successfully #287
2026-05-08 08:04:48 WARNING Slow response from external API #288
2026-05-08 08:04:49 INFO Metrics collector updated #289
2026-05-08 08:04:50 ERROR Database connection failed #290
2026-05-08 08:04:51 INFO Database retry scheduled #291
2026-05-08 08:04:52 INFO Database connection established #292
2026-05-08 08:04:53 WARNING High memory usage detected #293
2026-05-08 08:04:54 INFO Session token refreshed #294
2026-05-08 08:04:55 INFO Notification worker started #295
2026-05-08 08:04:56 ERROR Timeout while fetching order data #296
2026-05-08 08:04:57 INFO Order data retry scheduled #297
2026-05-08 08:04:58 INFO Order data loaded successfully #298
2026-05-08 08:04:59 WARNING API rate limit nearing threshold #299
2026-05-08 08:05:00 INFO Audit log updated #300
